
> react-kavia@0.1.0 start
> react-scripts start

(node:193) [DEP_WEBPACK_DEV_SERVER_ON_AFTER_SETUP_MIDDLEWARE] DeprecationWarning: 'onAfterSetupMiddleware' option is deprecated. Please use the 'setupMiddlewares' option.
(Use `node --trace-deprecation ...` to show where the warning was created)
(node:193) [DEP_WEBPACK_DEV_SERVER_ON_BEFORE_SETUP_MIDDLEWARE] DeprecationWarning: 'onBeforeSetupMiddleware' option is deprecated. Please use the 'setupMiddlewares' option.
Starting the development server...

Compiled with warnings.

[eslint] 
src/App.js
  Line 10:22:  'getCurrentUser' is defined but never used                                                                                                                                                                                                           no-unused-vars
  Line 12:47:  'syncCloudStateToLocal' is defined but never used                                                                                                                                                                                                    no-unused-vars
  Line 55:11:  'currency' is assigned a value but never used                                                                                                                                                                                                        no-unused-vars
  Line 115:9:  The 'currentMonthDate' object construction makes the dependencies of useMemo Hook (at line 171) change on every render. Move it inside the useMemo callback. Alternatively, wrap the initialization of 'currentMonthDate' in its own useMemo() Hook  react-hooks/exhaustive-deps

src/components/BudgetPlanner.js
  Line 11:7:  'STORAGE_TRANSACTIONS_KEY' is assigned a value but never used  no-unused-vars

src/components/Dashboard.js
  Line 12:7:  'STORAGE_TRANSACTIONS' is assigned a value but never used  no-unused-vars
  Line 13:7:  'STORAGE_GOAL' is assigned a value but never used          no-unused-vars

src/components/visuals/LineChart.js
  Line 35:11:  'remaining' is assigned a value but never used  no-unused-vars

src/firebase.js
  Line 9:45:  'updateDoc' is defined but never used  no-unused-vars

src/firebase.sample.config.js
  Line 7:1:  Assign object to a variable before exporting as module default  import/no-anonymous-default-export

Search for the keywords to learn more about each warning.
To ignore, add // eslint-disable-next-line to the line before.

WARNING in [eslint] 
src/App.js
  Line 10:22:  'getCurrentUser' is defined but never used                                                                                                                                                                                                           no-unused-vars
  Line 12:47:  'syncCloudStateToLocal' is defined but never used                                                                                                                                                                                                    no-unused-vars
  Line 55:11:  'currency' is assigned a value but never used                                                                                                                                                                                                        no-unused-vars
  Line 115:9:  The 'currentMonthDate' object construction makes the dependencies of useMemo Hook (at line 171) change on every render. Move it inside the useMemo callback. Alternatively, wrap the initialization of 'currentMonthDate' in its own useMemo() Hook  react-hooks/exhaustive-deps

src/components/BudgetPlanner.js
  Line 11:7:  'STORAGE_TRANSACTIONS_KEY' is assigned a value but never used  no-unused-vars

src/components/Dashboard.js
  Line 12:7:  'STORAGE_TRANSACTIONS' is assigned a value but never used  no-unused-vars
  Line 13:7:  'STORAGE_GOAL' is assigned a value but never used          no-unused-vars

src/components/visuals/LineChart.js
  Line 35:11:  'remaining' is assigned a value but never used  no-unused-vars

src/firebase.js
  Line 9:45:  'updateDoc' is defined but never used  no-unused-vars

src/firebase.sample.config.js
  Line 7:1:  Assign object to a variable before exporting as module default  import/no-anonymous-default-export

webpack compiled with 1 warning
Compiling...
Compiled with warnings.

[eslint] 
src/App.js
  Line 10:22:  'getCurrentUser' is defined but never used                                                                                                                                                                                                           no-unused-vars
  Line 12:47:  'syncCloudStateToLocal' is defined but never used                                                                                                                                                                                                    no-unused-vars
  Line 55:11:  'currency' is assigned a value but never used                                                                                                                                                                                                        no-unused-vars
  Line 115:9:  The 'currentMonthDate' object construction makes the dependencies of useMemo Hook (at line 171) change on every render. Move it inside the useMemo callback. Alternatively, wrap the initialization of 'currentMonthDate' in its own useMemo() Hook  react-hooks/exhaustive-deps

src/components/BudgetPlanner.js
  Line 11:7:  'STORAGE_TRANSACTIONS_KEY' is assigned a value but never used  no-unused-vars

src/components/Dashboard.js
  Line 12:7:  'STORAGE_TRANSACTIONS' is assigned a value but never used  no-unused-vars
  Line 13:7:  'STORAGE_GOAL' is assigned a value but never used          no-unused-vars

src/components/visuals/LineChart.js
  Line 35:11:  'remaining' is assigned a value but never used  no-unused-vars

src/firebase.js
  Line 9:45:  'updateDoc' is defined but never used  no-unused-vars

src/firebase.sample.config.js
  Line 7:1:  Assign object to a variable before exporting as module default  import/no-anonymous-default-export

Search for the keywords to learn more about each warning.
To ignore, add // eslint-disable-next-line to the line before.

WARNING in [eslint] 
src/App.js
  Line 10:22:  'getCurrentUser' is defined but never used                                                                                                                                                                                                           no-unused-vars
  Line 12:47:  'syncCloudStateToLocal' is defined but never used                                                                                                                                                                                                    no-unused-vars
  Line 55:11:  'currency' is assigned a value but never used                                                                                                                                                                                                        no-unused-vars
  Line 115:9:  The 'currentMonthDate' object construction makes the dependencies of useMemo Hook (at line 171) change on every render. Move it inside the useMemo callback. Alternatively, wrap the initialization of 'currentMonthDate' in its own useMemo() Hook  react-hooks/exhaustive-deps

src/components/BudgetPlanner.js
  Line 11:7:  'STORAGE_TRANSACTIONS_KEY' is assigned a value but never used  no-unused-vars

src/components/Dashboard.js
  Line 12:7:  'STORAGE_TRANSACTIONS' is assigned a value but never used  no-unused-vars
  Line 13:7:  'STORAGE_GOAL' is assigned a value but never used          no-unused-vars

src/components/visuals/LineChart.js
  Line 35:11:  'remaining' is assigned a value but never used  no-unused-vars

src/firebase.js
  Line 9:45:  'updateDoc' is defined but never used  no-unused-vars

src/firebase.sample.config.js
  Line 7:1:  Assign object to a variable before exporting as module default  import/no-anonymous-default-export

webpack compiled with 1 warning
Compiling...
Compiled with warnings.

[eslint] 
src/App.js
  Line 10:22:  'getCurrentUser' is defined but never used                                                                                                                                                                                                           no-unused-vars
  Line 12:47:  'syncCloudStateToLocal' is defined but never used                                                                                                                                                                                                    no-unused-vars
  Line 55:11:  'currency' is assigned a value but never used                                                                                                                                                                                                        no-unused-vars
  Line 115:9:  The 'currentMonthDate' object construction makes the dependencies of useMemo Hook (at line 171) change on every render. Move it inside the useMemo callback. Alternatively, wrap the initialization of 'currentMonthDate' in its own useMemo() Hook  react-hooks/exhaustive-deps

src/components/BudgetPlanner.js
  Line 11:7:  'STORAGE_TRANSACTIONS_KEY' is assigned a value but never used  no-unused-vars

src/components/Dashboard.js
  Line 12:7:  'STORAGE_TRANSACTIONS' is assigned a value but never used  no-unused-vars
  Line 13:7:  'STORAGE_GOAL' is assigned a value but never used          no-unused-vars

src/components/visuals/LineChart.js
  Line 35:11:  'remaining' is assigned a value but never used  no-unused-vars

src/firebase.js
  Line 9:45:  'updateDoc' is defined but never used  no-unused-vars

src/firebase.sample.config.js
  Line 7:1:  Assign object to a variable before exporting as module default  import/no-anonymous-default-export

Search for the keywords to learn more about each warning.
To ignore, add // eslint-disable-next-line to the line before.

WARNING in [eslint] 
src/App.js
  Line 10:22:  'getCurrentUser' is defined but never used                                                                                                                                                                                                           no-unused-vars
  Line 12:47:  'syncCloudStateToLocal' is defined but never used                                                                                                                                                                                                    no-unused-vars
  Line 55:11:  'currency' is assigned a value but never used                                                                                                                                                                                                        no-unused-vars
  Line 115:9:  The 'currentMonthDate' object construction makes the dependencies of useMemo Hook (at line 171) change on every render. Move it inside the useMemo callback. Alternatively, wrap the initialization of 'currentMonthDate' in its own useMemo() Hook  react-hooks/exhaustive-deps

src/components/BudgetPlanner.js
  Line 11:7:  'STORAGE_TRANSACTIONS_KEY' is assigned a value but never used  no-unused-vars

src/components/Dashboard.js
  Line 12:7:  'STORAGE_TRANSACTIONS' is assigned a value but never used  no-unused-vars
  Line 13:7:  'STORAGE_GOAL' is assigned a value but never used          no-unused-vars

src/components/visuals/LineChart.js
  Line 35:11:  'remaining' is assigned a value but never used  no-unused-vars

src/firebase.js
  Line 9:45:  'updateDoc' is defined but never used  no-unused-vars

src/firebase.sample.config.js
  Line 7:1:  Assign object to a variable before exporting as module default  import/no-anonymous-default-export

webpack compiled with 1 warning
Compiling...
Compiled with warnings.

[eslint] 
src/App.js
  Line 10:22:  'getCurrentUser' is defined but never used                                                                                                                                                                                                           no-unused-vars
  Line 12:47:  'syncCloudStateToLocal' is defined but never used                                                                                                                                                                                                    no-unused-vars
  Line 55:11:  'currency' is assigned a value but never used                                                                                                                                                                                                        no-unused-vars
  Line 115:9:  The 'currentMonthDate' object construction makes the dependencies of useMemo Hook (at line 171) change on every render. Move it inside the useMemo callback. Alternatively, wrap the initialization of 'currentMonthDate' in its own useMemo() Hook  react-hooks/exhaustive-deps

src/components/BudgetPlanner.js
  Line 11:7:  'STORAGE_TRANSACTIONS_KEY' is assigned a value but never used  no-unused-vars

src/components/Dashboard.js
  Line 12:7:  'STORAGE_TRANSACTIONS' is assigned a value but never used  no-unused-vars
  Line 13:7:  'STORAGE_GOAL' is assigned a value but never used          no-unused-vars

src/components/visuals/LineChart.js
  Line 35:11:  'remaining' is assigned a value but never used  no-unused-vars

src/firebase.js
  Line 9:45:  'updateDoc' is defined but never used  no-unused-vars

src/firebase.sample.config.js
  Line 7:1:  Assign object to a variable before exporting as module default  import/no-anonymous-default-export

Search for the keywords to learn more about each warning.
To ignore, add // eslint-disable-next-line to the line before.

WARNING in [eslint] 
src/App.js
  Line 10:22:  'getCurrentUser' is defined but never used                                                                                                                                                                                                           no-unused-vars
  Line 12:47:  'syncCloudStateToLocal' is defined but never used                                                                                                                                                                                                    no-unused-vars
  Line 55:11:  'currency' is assigned a value but never used                                                                                                                                                                                                        no-unused-vars
  Line 115:9:  The 'currentMonthDate' object construction makes the dependencies of useMemo Hook (at line 171) change on every render. Move it inside the useMemo callback. Alternatively, wrap the initialization of 'currentMonthDate' in its own useMemo() Hook  react-hooks/exhaustive-deps

src/components/BudgetPlanner.js
  Line 11:7:  'STORAGE_TRANSACTIONS_KEY' is assigned a value but never used  no-unused-vars

src/components/Dashboard.js
  Line 12:7:  'STORAGE_TRANSACTIONS' is assigned a value but never used  no-unused-vars
  Line 13:7:  'STORAGE_GOAL' is assigned a value but never used          no-unused-vars

src/components/visuals/LineChart.js
  Line 35:11:  'remaining' is assigned a value but never used  no-unused-vars

src/firebase.js
  Line 9:45:  'updateDoc' is defined but never used  no-unused-vars

src/firebase.sample.config.js
  Line 7:1:  Assign object to a variable before exporting as module default  import/no-anonymous-default-export

webpack compiled with 1 warning
